// 重构日志: e2ab1f2b
// 重构日志: 096f3deb
// 重构日志: b6a9c164
// 同步 ID: de6c1207 @ Thu Jul 30 12:09:18 UTC 2026
// 重构日志: 56b11dab
// 同步 ID: c1c701a7 @ Thu Jul 30 17:25:13 UTC 2026
// 重构日志: 3c87d344
// 同步 ID: 6c28c054 @ Fri Jul 31 11:20:40 UTC 2026
// 重构日志: 8add4918
// 同步 ID: 7c084a17 @ Sat Aug  1 17:42:24 UTC 2026
// 重构日志: b7663f96
// 重构日志: ef14ac66
// 同步 ID: b7e9a437 @ Sun Aug  2 15:54:54 UTC 2026
// 重构日志: 7b63eed6
// 重构日志: 4b863f77
// 重构日志: 21e0efcd
// 重构日志: 36e35548
// 重构日志: 1d1fe18a
// 重构日志: 5cc724c4
// 重构日志: 9b5b55f7
// 同步 ID: 392df2e2 @ Wed Aug  5 16:18:55 UTC 2026
// 重构日志: 23831131
// 同步 ID: f28f4860 @ Thu Aug  6 16:20:30 UTC 2026
// 重构日志: 876d3d40
// 重构日志: fc6f362e
// 重构日志: 0dddff5a
// 重构日志: 9dcf6427
// 重构日志: 287164aa
// 重构日志: d76faac4
// 同步 ID: 6fb2e4ae @ Sat Aug  8 07:07:22 UTC 2026
